
> trackzoon-bot@1.0.0 start
> node src/index.js

⚠️  Sentry DSN not configured. Error monitoring disabled.
   To enable: Set SENTRY_DSN environment variable
⚠️  Redis URL not configured. Caching disabled.
   To enable: Set REDIS_URL environment variable
MongoDB connected.
Telegram bot initialized.
Scheduler started:
- Price checks: Every 30 minutes
- Daily reports: Every day at 8:00 AM
[2025-11-26T15:18:02.170Z] [INFO] Launching Trackzoon bot... 
🌐 Web Dashboard running at http://localhost:3000
Bot commands menu updated successfully

Processing URL: invalid-url
Cleaned URL: invalid-url
Normalized URL: https://invalid-url
No valid ASIN found

Processing URL: https://www.amazon.eg/dp/B09Q1FM6RG
Cleaned URL: https://www.amazon.eg/dp/B09Q1FM6RG
Normalized URL: https://www.amazon.eg/dp/B09Q1FM6RG
Found standard ASIN: B09Q1FM6RG
[2025-11-26T15:18:04.884Z] [ERROR] Error previewing product: MongoServerError: Invalid namespace specified: trackzoon/trackzoon.products
    at Connection.sendCommand (/Users/IslamIbrahim/Work/Projects/Trackzoon/node_modules/mongodb/lib/cmap/connection.js:306:27)
    at process.processTicksAndRejections (node:internal/process/task_queues:103:5)
    at async Connection.command (/Users/IslamIbrahim/Work/Projects/Trackzoon/node_modules/mongodb/lib/cmap/connection.js:334:26)
    at async Server.command (/Users/IslamIbrahim/Work/Projects/Trackzoon/node_modules/mongodb/lib/sdam/server.js:194:29)
    at async tryOperation (/Users/IslamIbrahim/Work/Projects/Trackzoon/node_modules/mongodb/lib/operations/execute_operation.js:213:32)
    at async executeOperation (/Users/IslamIbrahim/Work/Projects/Trackzoon/node_modules/mongodb/lib/operations/execute_operation.js:78:16)
    at async FindCursor._initialize (/Users/IslamIbrahim/Work/Projects/Trackzoon/node_modules/mongodb/lib/cursor/find_cursor.js:62:26)
    at async FindCursor.cursorInit (/Users/IslamIbrahim/Work/Projects/Trackzoon/node_modules/mongodb/lib/cursor/abstract_cursor.js:632:27)
    at async FindCursor.fetchBatch (/Users/IslamIbrahim/Work/Projects/Trackzoon/node_modules/mongodb/lib/cursor/abstract_cursor.js:666:13)
    at async FindCursor.next (/Users/IslamIbrahim/Work/Projects/Trackzoon/node_modules/mongodb/lib/cursor/abstract_cursor.js:342:17) 
[2025-11-26T15:18:05.864Z] [ERROR] Failed to launch bot: Error: 409: Conflict: terminated by other getUpdates request; make sure that only one bot instance is running
    at Telegram.callApi (/Users/IslamIbrahim/Work/Projects/Trackzoon/node_modules/telegraf/lib/core/network/client.js:315:19)
    at process.processTicksAndRejections (node:internal/process/task_queues:103:5)
    at async [Symbol.asyncIterator] (/Users/IslamIbrahim/Work/Projects/Trackzoon/node_modules/telegraf/lib/core/network/polling.js:30:33)
    at async Polling.loop (/Users/IslamIbrahim/Work/Projects/Trackzoon/node_modules/telegraf/lib/core/network/polling.js:73:30)
    at async Telegraf.launch (/Users/IslamIbrahim/Work/Projects/Trackzoon/node_modules/telegraf/lib/telegraf.js:194:13) 
Error captured: TelegramError: 409: Conflict: terminated by other getUpdates request; make sure that only one bot instance is running
    at Telegram.callApi (/Users/IslamIbrahim/Work/Projects/Trackzoon/node_modules/telegraf/lib/core/network/client.js:315:19)
    at process.processTicksAndRejections (node:internal/process/task_queues:103:5)
    at async [Symbol.asyncIterator] (/Users/IslamIbrahim/Work/Projects/Trackzoon/node_modules/telegraf/lib/core/network/polling.js:30:33)
    at async Polling.loop (/Users/IslamIbrahim/Work/Projects/Trackzoon/node_modules/telegraf/lib/core/network/polling.js:73:30)
    at async Telegraf.launch (/Users/IslamIbrahim/Work/Projects/Trackzoon/node_modules/telegraf/lib/telegraf.js:194:13) {
  response: {
    ok: false,
    error_code: 409,
    description: 'Conflict: terminated by other getUpdates request; make sure that only one bot instance is running'
  },
  on: {
    method: 'getUpdates',
    payload: { timeout: 50, offset: 0, allowed_updates: [] }
  }
}
Context: { operation: 'bot_launch' }
[2025-11-26T15:18:05.864Z] [WARN] Conflict detected (409). Another instance might be closing. Retrying in 3 seconds... 
[2025-11-26T15:18:14.723Z] [ERROR] Retry failed: Error: 409: Conflict: terminated by other getUpdates request; make sure that only one bot instance is running
    at Telegram.callApi (/Users/IslamIbrahim/Work/Projects/Trackzoon/node_modules/telegraf/lib/core/network/client.js:315:19)
    at process.processTicksAndRejections (node:internal/process/task_queues:103:5)
    at async [Symbol.asyncIterator] (/Users/IslamIbrahim/Work/Projects/Trackzoon/node_modules/telegraf/lib/core/network/polling.js:30:33)
    at async Polling.loop (/Users/IslamIbrahim/Work/Projects/Trackzoon/node_modules/telegraf/lib/core/network/polling.js:73:30)
    at async Telegraf.launch (/Users/IslamIbrahim/Work/Projects/Trackzoon/node_modules/telegraf/lib/telegraf.js:194:13) 
