[2025-11-21T10:12:00.096Z] [ERROR] Failed to launch bot: Error: 409: Conflict: terminated by other getUpdates request; make sure that only one bot instance is running
    at Telegram.callApi (/Users/IslamIbrahim/Work/Projects/Trackzoon/node_modules/telegraf/lib/core/network/client.js:315:19)
    at process.processTicksAndRejections (node:internal/process/task_queues:103:5)
    at async [Symbol.asyncIterator] (/Users/IslamIbrahim/Work/Projects/Trackzoon/node_modules/telegraf/lib/core/network/polling.js:30:33)
    at async Polling.loop (/Users/IslamIbrahim/Work/Projects/Trackzoon/node_modules/telegraf/lib/core/network/polling.js:73:30)
    at async Telegraf.launch (/Users/IslamIbrahim/Work/Projects/Trackzoon/node_modules/telegraf/lib/telegraf.js:194:13) 
[2025-11-21T10:12:00.097Z] [ERROR] Another bot instance is already running. Exiting...  
[2025-11-21T10:33:51.902Z] [ERROR] Failed to launch bot: Error: 409: Conflict: terminated by other getUpdates request; make sure that only one bot instance is running
    at Telegram.callApi (/Users/IslamIbrahim/Work/Projects/Trackzoon/node_modules/telegraf/lib/core/network/client.js:315:19)
    at process.processTicksAndRejections (node:internal/process/task_queues:103:5)
    at async [Symbol.asyncIterator] (/Users/IslamIbrahim/Work/Projects/Trackzoon/node_modules/telegraf/lib/core/network/polling.js:30:33)
    at async Polling.loop (/Users/IslamIbrahim/Work/Projects/Trackzoon/node_modules/telegraf/lib/core/network/polling.js:73:30)
    at async Telegraf.launch (/Users/IslamIbrahim/Work/Projects/Trackzoon/node_modules/telegraf/lib/telegraf.js:194:13) 
[2025-11-21T10:33:51.903Z] [ERROR] Another bot instance is already running. Exiting...  
[2025-11-21T10:38:43.439Z] [ERROR] Failed to launch bot: Error: 409: Conflict: terminated by other getUpdates request; make sure that only one bot instance is running
    at Telegram.callApi (/Users/IslamIbrahim/Work/Projects/Trackzoon/node_modules/telegraf/lib/core/network/client.js:315:19)
    at process.processTicksAndRejections (node:internal/process/task_queues:103:5)
    at async [Symbol.asyncIterator] (/Users/IslamIbrahim/Work/Projects/Trackzoon/node_modules/telegraf/lib/core/network/polling.js:30:33)
    at async Polling.loop (/Users/IslamIbrahim/Work/Projects/Trackzoon/node_modules/telegraf/lib/core/network/polling.js:73:30)
    at async Telegraf.launch (/Users/IslamIbrahim/Work/Projects/Trackzoon/node_modules/telegraf/lib/telegraf.js:194:13) 
[2025-11-21T10:38:43.439Z] [ERROR] Another bot instance is already running. Exiting...  
[2025-11-21T10:44:24.511Z] [ERROR] Failed to launch bot: Error: 409: Conflict: terminated by other getUpdates request; make sure that only one bot instance is running
    at Telegram.callApi (/Users/IslamIbrahim/Work/Projects/Trackzoon/node_modules/telegraf/lib/core/network/client.js:315:19)
    at process.processTicksAndRejections (node:internal/process/task_queues:103:5)
    at async [Symbol.asyncIterator] (/Users/IslamIbrahim/Work/Projects/Trackzoon/node_modules/telegraf/lib/core/network/polling.js:30:33)
    at async Polling.loop (/Users/IslamIbrahim/Work/Projects/Trackzoon/node_modules/telegraf/lib/core/network/polling.js:73:30)
    at async Telegraf.launch (/Users/IslamIbrahim/Work/Projects/Trackzoon/node_modules/telegraf/lib/telegraf.js:194:13) 
[2025-11-21T10:44:24.512Z] [ERROR] Another bot instance is already running. Exiting...  
[2025-11-21T10:47:12.709Z] [ERROR] Failed to launch bot: Error: 409: Conflict: terminated by other getUpdates request; make sure that only one bot instance is running
    at Telegram.callApi (/Users/IslamIbrahim/Work/Projects/Trackzoon/node_modules/telegraf/lib/core/network/client.js:315:19)
    at process.processTicksAndRejections (node:internal/process/task_queues:103:5)
    at async [Symbol.asyncIterator] (/Users/IslamIbrahim/Work/Projects/Trackzoon/node_modules/telegraf/lib/core/network/polling.js:30:33)
    at async Polling.loop (/Users/IslamIbrahim/Work/Projects/Trackzoon/node_modules/telegraf/lib/core/network/polling.js:73:30)
    at async Telegraf.launch (/Users/IslamIbrahim/Work/Projects/Trackzoon/node_modules/telegraf/lib/telegraf.js:194:13) 
[2025-11-21T10:47:12.711Z] [ERROR] Another bot instance is already running. Exiting...  
[2025-11-21T10:47:42.117Z] [ERROR] Failed to launch bot: Error: 409: Conflict: terminated by other getUpdates request; make sure that only one bot instance is running
    at Telegram.callApi (/Users/IslamIbrahim/Work/Projects/Trackzoon/node_modules/telegraf/lib/core/network/client.js:315:19)
    at process.processTicksAndRejections (node:internal/process/task_queues:103:5)
    at async [Symbol.asyncIterator] (/Users/IslamIbrahim/Work/Projects/Trackzoon/node_modules/telegraf/lib/core/network/polling.js:30:33)
    at async Polling.loop (/Users/IslamIbrahim/Work/Projects/Trackzoon/node_modules/telegraf/lib/core/network/polling.js:73:30)
    at async Telegraf.launch (/Users/IslamIbrahim/Work/Projects/Trackzoon/node_modules/telegraf/lib/telegraf.js:194:13) 
[2025-11-21T10:47:42.119Z] [ERROR] Another bot instance is already running. Exiting...  
[2025-11-21T10:48:18.875Z] [ERROR] Failed to launch bot: Error: 409: Conflict: terminated by other getUpdates request; make sure that only one bot instance is running
    at Telegram.callApi (/Users/IslamIbrahim/Work/Projects/Trackzoon/node_modules/telegraf/lib/core/network/client.js:315:19)
    at process.processTicksAndRejections (node:internal/process/task_queues:103:5)
    at async [Symbol.asyncIterator] (/Users/IslamIbrahim/Work/Projects/Trackzoon/node_modules/telegraf/lib/core/network/polling.js:30:33)
    at async Polling.loop (/Users/IslamIbrahim/Work/Projects/Trackzoon/node_modules/telegraf/lib/core/network/polling.js:73:30)
    at async Telegraf.launch (/Users/IslamIbrahim/Work/Projects/Trackzoon/node_modules/telegraf/lib/telegraf.js:194:13) 
[2025-11-21T10:48:18.878Z] [ERROR] Another bot instance is already running. Exiting...  
[2025-11-22T00:23:04.940Z] [ERROR] Failed to launch bot: Error: 409: Conflict: terminated by other getUpdates request; make sure that only one bot instance is running
    at Telegram.callApi (/Users/IslamIbrahim/Work/Projects/Trackzoon/node_modules/telegraf/lib/core/network/client.js:315:19)
    at process.processTicksAndRejections (node:internal/process/task_queues:103:5)
    at async [Symbol.asyncIterator] (/Users/IslamIbrahim/Work/Projects/Trackzoon/node_modules/telegraf/lib/core/network/polling.js:30:33)
    at async Polling.loop (/Users/IslamIbrahim/Work/Projects/Trackzoon/node_modules/telegraf/lib/core/network/polling.js:73:30)
    at async Telegraf.launch (/Users/IslamIbrahim/Work/Projects/Trackzoon/node_modules/telegraf/lib/telegraf.js:194:13) 
[2025-11-22T00:23:04.943Z] [ERROR] Another bot instance is already running. Exiting...  
[2025-11-26T15:18:04.884Z] [ERROR] Error previewing product: MongoServerError: Invalid namespace specified: trackzoon/trackzoon.products
    at Connection.sendCommand (/Users/IslamIbrahim/Work/Projects/Trackzoon/node_modules/mongodb/lib/cmap/connection.js:306:27)
    at process.processTicksAndRejections (node:internal/process/task_queues:103:5)
    at async Connection.command (/Users/IslamIbrahim/Work/Projects/Trackzoon/node_modules/mongodb/lib/cmap/connection.js:334:26)
    at async Server.command (/Users/IslamIbrahim/Work/Projects/Trackzoon/node_modules/mongodb/lib/sdam/server.js:194:29)
    at async tryOperation (/Users/IslamIbrahim/Work/Projects/Trackzoon/node_modules/mongodb/lib/operations/execute_operation.js:213:32)
    at async executeOperation (/Users/IslamIbrahim/Work/Projects/Trackzoon/node_modules/mongodb/lib/operations/execute_operation.js:78:16)
    at async FindCursor._initialize (/Users/IslamIbrahim/Work/Projects/Trackzoon/node_modules/mongodb/lib/cursor/find_cursor.js:62:26)
    at async FindCursor.cursorInit (/Users/IslamIbrahim/Work/Projects/Trackzoon/node_modules/mongodb/lib/cursor/abstract_cursor.js:632:27)
    at async FindCursor.fetchBatch (/Users/IslamIbrahim/Work/Projects/Trackzoon/node_modules/mongodb/lib/cursor/abstract_cursor.js:666:13)
    at async FindCursor.next (/Users/IslamIbrahim/Work/Projects/Trackzoon/node_modules/mongodb/lib/cursor/abstract_cursor.js:342:17) 
[2025-11-26T15:18:05.864Z] [ERROR] Failed to launch bot: Error: 409: Conflict: terminated by other getUpdates request; make sure that only one bot instance is running
    at Telegram.callApi (/Users/IslamIbrahim/Work/Projects/Trackzoon/node_modules/telegraf/lib/core/network/client.js:315:19)
    at process.processTicksAndRejections (node:internal/process/task_queues:103:5)
    at async [Symbol.asyncIterator] (/Users/IslamIbrahim/Work/Projects/Trackzoon/node_modules/telegraf/lib/core/network/polling.js:30:33)
    at async Polling.loop (/Users/IslamIbrahim/Work/Projects/Trackzoon/node_modules/telegraf/lib/core/network/polling.js:73:30)
    at async Telegraf.launch (/Users/IslamIbrahim/Work/Projects/Trackzoon/node_modules/telegraf/lib/telegraf.js:194:13) 
[2025-11-26T15:18:14.723Z] [ERROR] Retry failed: Error: 409: Conflict: terminated by other getUpdates request; make sure that only one bot instance is running
    at Telegram.callApi (/Users/IslamIbrahim/Work/Projects/Trackzoon/node_modules/telegraf/lib/core/network/client.js:315:19)
    at process.processTicksAndRejections (node:internal/process/task_queues:103:5)
    at async [Symbol.asyncIterator] (/Users/IslamIbrahim/Work/Projects/Trackzoon/node_modules/telegraf/lib/core/network/polling.js:30:33)
    at async Polling.loop (/Users/IslamIbrahim/Work/Projects/Trackzoon/node_modules/telegraf/lib/core/network/polling.js:73:30)
    at async Telegraf.launch (/Users/IslamIbrahim/Work/Projects/Trackzoon/node_modules/telegraf/lib/telegraf.js:194:13) 
